../Core/Src/main.c:84:6:HAL_TIM_IC_CaptureCallback	24	static
../Core/Src/main.c:102:5:main	32	static
../Core/Src/main.c:161:6:SystemClock_Config	88	static
../Core/Src/main.c:203:13:MX_I2C1_Init	8	static
../Core/Src/main.c:237:13:MX_TIM1_Init	96	static
../Core/Src/main.c:311:13:MX_TIM2_Init	56	static
../Core/Src/main.c:360:13:MX_TIM3_Init	56	static
../Core/Src/main.c:409:13:MX_TIM8_Init	96	static
../Core/Src/main.c:487:13:MX_GPIO_Init	48	static
../Core/Src/main.c:531:6:Error_Handler	4	static,ignoring_inline_asm
