../Core/Src/motors.c:32:6:mtr_init	24	static
../Core/Src/motors.c:63:6:backup_reset	4	static
../Core/Src/motors.c:71:6:mtrA_init	24	static
../Core/Src/motors.c:90:6:mtrB_init	24	static
../Core/Src/motors.c:109:6:mtrA_mov	16	static
../Core/Src/motors.c:127:6:mtrB_mov	16	static
../Core/Src/motors.c:146:6:mtr_stop	8	static
../Core/Src/motors.c:157:6:mtr_mov	16	static
../Core/Src/motors.c:171:6:mtr_SetParamAndMove	24	static
../Core/Src/motors.c:177:6:mtr_suspend	24	static
../Core/Src/motors.c:196:6:mtr_continue	8	static
../Core/Src/motors.c:222:7:mtr_SOSBack	8	static
../Core/Src/motors.c:230:6:mtr_mov_cnt	16	static
../Core/Src/motors.c:242:6:mtr_mov_cnt_line	16	static
../Core/Src/motors.c:275:8:mtr_mov_cm	32	static
../Core/Src/motors.c:282:6:PID_Control	32	static
../Core/Src/motors.c:315:6:stopPID	8	static
../Core/Src/motors.c:329:6:turn	40	static
../Core/Src/motors.c:412:6:carTurn	40	static
../Core/Src/motors.c:521:7:executeInstruction	24	static
