../Core/Src/motors.c:32:6:mtr_init	24	static
../Core/Src/motors.c:63:6:backup_reset	4	static
../Core/Src/motors.c:71:6:mtrA_init	24	static
../Core/Src/motors.c:90:6:mtrB_init	24	static
../Core/Src/motors.c:109:6:mtrA_mov	16	static
../Core/Src/motors.c:127:6:mtrB_mov	16	static
../Core/Src/motors.c:146:6:mtr_stop	8	static
../Core/Src/motors.c:157:6:mtr_mov	16	static
../Core/Src/motors.c:171:6:mtr_SetParamAndMove	24	static
../Core/Src/motors.c:177:6:mtr_suspend	24	static
../Core/Src/motors.c:191:6:mtr_continue	8	static
../Core/Src/motors.c:216:7:mtr_SOSBack	8	static
../Core/Src/motors.c:224:6:mtr_mov_cnt	16	static
../Core/Src/motors.c:236:6:mtr_mov_cnt_line	16	static
../Core/Src/motors.c:269:6:mtr_mov_cm	16	static
../Core/Src/motors.c:273:6:PID_Control	32	static
../Core/Src/motors.c:306:6:stopPID	8	static
../Core/Src/motors.c:320:6:turn	40	static
../Core/Src/motors.c:401:7:executeInstruction	24	static
