Archive member included to satisfy reference by file (symbol)

/Applications/STM32CubeIDE.app/Contents/Eclipse/plugins/com.st.stm32cube.ide.mcu.externaltools.gnu-tools-for-stm32.11.3.rel1.macos64_1.1.0.202305231506/tools/bin/../lib/gcc/arm-none-eabi/11.3.1/../../../../arm-none-eabi/lib/thumb/v7e-m+fp/hard/libc_nano.a(libc_a-exit.o)
                              /Applications/STM32CubeIDE.app/Contents/Eclipse/plugins/com.st.stm32cube.ide.mcu.externaltools.gnu-tools-for-stm32.11.3.rel1.macos64_1.1.0.202305231506/tools/bin/../lib/gcc/arm-none-eabi/11.3.1/../../../../arm-none-eabi/lib/thumb/v7e-m+fp/hard/crt0.o (exit)
/Applications/STM32CubeIDE.app/Contents/Eclipse/plugins/com.st.stm32cube.ide.mcu.externaltools.gnu-tools-for-stm32.11.3.rel1.macos64_1.1.0.202305231506/tools/bin/../lib/gcc/arm-none-eabi/11.3.1/../../../../arm-none-eabi/lib/thumb/v7e-m+fp/hard/libc_nano.a(libc_a-findfp.o)
                              /Applications/STM32CubeIDE.app/Contents/Eclipse/plugins/com.st.stm32cube.ide.mcu.externaltools.gnu-tools-for-stm32.11.3.rel1.macos64_1.1.0.202305231506/tools/bin/../lib/gcc/arm-none-eabi/11.3.1/../../../../arm-none-eabi/lib/thumb/v7e-m+fp/hard/libc_nano.a(libc_a-exit.o) (__stdio_exit_handler)
/Applications/STM32CubeIDE.app/Contents/Eclipse/plugins/com.st.stm32cube.ide.mcu.externaltools.gnu-tools-for-stm32.11.3.rel1.macos64_1.1.0.202305231506/tools/bin/../lib/gcc/arm-none-eabi/11.3.1/../../../../arm-none-eabi/lib/thumb/v7e-m+fp/hard/libc_nano.a(libc_a-fwalk.o)
                              /Applications/STM32CubeIDE.app/Contents/Eclipse/plugins/com.st.stm32cube.ide.mcu.externaltools.gnu-tools-for-stm32.11.3.rel1.macos64_1.1.0.202305231506/tools/bin/../lib/gcc/arm-none-eabi/11.3.1/../../../../arm-none-eabi/lib/thumb/v7e-m+fp/hard/libc_nano.a(libc_a-findfp.o) (_fwalk_sglue)
/Applications/STM32CubeIDE.app/Contents/Eclipse/plugins/com.st.stm32cube.ide.mcu.externaltools.gnu-tools-for-stm32.11.3.rel1.macos64_1.1.0.202305231506/tools/bin/../lib/gcc/arm-none-eabi/11.3.1/../../../../arm-none-eabi/lib/thumb/v7e-m+fp/hard/libc_nano.a(libc_a-memset.o)
                              /Applications/STM32CubeIDE.app/Contents/Eclipse/plugins/com.st.stm32cube.ide.mcu.externaltools.gnu-tools-for-stm32.11.3.rel1.macos64_1.1.0.202305231506/tools/bin/../lib/gcc/arm-none-eabi/11.3.1/../../../../arm-none-eabi/lib/thumb/v7e-m+fp/hard/crt0.o (memset)
/Applications/STM32CubeIDE.app/Contents/Eclipse/plugins/com.st.stm32cube.ide.mcu.externaltools.gnu-tools-for-stm32.11.3.rel1.macos64_1.1.0.202305231506/tools/bin/../lib/gcc/arm-none-eabi/11.3.1/../../../../arm-none-eabi/lib/thumb/v7e-m+fp/hard/libc_nano.a(libc_a-impure.o)
                              /Applications/STM32CubeIDE.app/Contents/Eclipse/plugins/com.st.stm32cube.ide.mcu.externaltools.gnu-tools-for-stm32.11.3.rel1.macos64_1.1.0.202305231506/tools/bin/../lib/gcc/arm-none-eabi/11.3.1/../../../../arm-none-eabi/lib/thumb/v7e-m+fp/hard/libc_nano.a(libc_a-findfp.o) (_impure_data)
/Applications/STM32CubeIDE.app/Contents/Eclipse/plugins/com.st.stm32cube.ide.mcu.externaltools.gnu-tools-for-stm32.11.3.rel1.macos64_1.1.0.202305231506/tools/bin/../lib/gcc/arm-none-eabi/11.3.1/../../../../arm-none-eabi/lib/thumb/v7e-m+fp/hard/libc_nano.a(libc_a-errno.o)
                              ./Core/Src/syscalls.o (__errno)
/Applications/STM32CubeIDE.app/Contents/Eclipse/plugins/com.st.stm32cube.ide.mcu.externaltools.gnu-tools-for-stm32.11.3.rel1.macos64_1.1.0.202305231506/tools/bin/../lib/gcc/arm-none-eabi/11.3.1/../../../../arm-none-eabi/lib/thumb/v7e-m+fp/hard/libc_nano.a(libc_a-init.o)
                              /Applications/STM32CubeIDE.app/Contents/Eclipse/plugins/com.st.stm32cube.ide.mcu.externaltools.gnu-tools-for-stm32.11.3.rel1.macos64_1.1.0.202305231506/tools/bin/../lib/gcc/arm-none-eabi/11.3.1/../../../../arm-none-eabi/lib/thumb/v7e-m+fp/hard/crt0.o (__libc_init_array)
/Applications/STM32CubeIDE.app/Contents/Eclipse/plugins/com.st.stm32cube.ide.mcu.externaltools.gnu-tools-for-stm32.11.3.rel1.macos64_1.1.0.202305231506/tools/bin/../lib/gcc/arm-none-eabi/11.3.1/../../../../arm-none-eabi/lib/thumb/v7e-m+fp/hard/libc_nano.a(libc_a-lock.o)
                              /Applications/STM32CubeIDE.app/Contents/Eclipse/plugins/com.st.stm32cube.ide.mcu.externaltools.gnu-tools-for-stm32.11.3.rel1.macos64_1.1.0.202305231506/tools/bin/../lib/gcc/arm-none-eabi/11.3.1/../../../../arm-none-eabi/lib/thumb/v7e-m+fp/hard/libc_nano.a(libc_a-findfp.o) (__retarget_lock_init_recursive)
/Applications/STM32CubeIDE.app/Contents/Eclipse/plugins/com.st.stm32cube.ide.mcu.externaltools.gnu-tools-for-stm32.11.3.rel1.macos64_1.1.0.202305231506/tools/bin/../lib/gcc/arm-none-eabi/11.3.1/../../../../arm-none-eabi/lib/thumb/v7e-m+fp/hard/libc_nano.a(libc_a-mallocr.o)
[...]
Memory Configuration

Name             Origin             Length             Attributes
CCMRAM           0x0000000010000000 0x0000000000010000 xrw
RAM              0x0000000020000000 0x0000000000020000 xrw
FLASH            0x0000000008000000 0x0000000000080000 xr
*default*        0x0000000000000000 0xffffffffffffffff

Linker script and memory map

LOAD /Applications/STM32CubeIDE.app/Contents/Eclipse/plugins/com.st.stm32cube.ide.mcu.externaltools.gnu-tools-for-stm32.11.3.rel1.macos64_1.1.0.202305231506/tools/bin/../lib/gcc/arm-none-eabi/11.3.1/thumb/v7e-m+fp/hard/crti.o
LOAD /Applications/STM32CubeIDE.app/Contents/Eclipse/plugins/com.st.stm32cube.ide.mcu.externaltools.gnu-tools-for-stm32.11.3.rel1.macos64_1.1.0.202305231506/tools/bin/../lib/gcc/arm-none-eabi/11.3.1/thumb/v7e-m+fp/hard/crtbegin.o
LOAD /Applications/STM32CubeIDE.app/Contents/Eclipse/plugins/com.st.stm32cube.ide.mcu.externaltools.gnu-tools-for-stm32.11.3.rel1.macos64_1.1.0.202305231506/tools/bin/../lib/gcc/arm-none-eabi/11.3.1/../../../../arm-none-eabi/lib/thumb/v7e-m+fp/hard/crt0.o
LOAD ./Core/Src/imu.o
LOAD ./Core/Src/main.o
LOAD ./Core/Src/motors.o
LOAD ./Core/Src/oled.o
LOAD ./Core/Src/servo.o
LOAD ./Core/Src/stm32f4xx_hal_msp.o
LOAD ./Core/Src/stm32f4xx_it.o
LOAD ./Core/Src/syscalls.o
LOAD ./Core/Src/sysmem.o
LOAD ./Core/Src/system_stm32f4xx.o
LOAD ./Core/Startup/startup_stm32f407vetx.o
LOAD ./Drivers/STM32F4xx_HAL_Driver/Src/stm32f4xx_hal.o
LOAD ./Drivers/STM32F4xx_HAL_Driver/Src/stm32f4xx_hal_cortex.o
LOAD ./Drivers/STM32F4xx_HAL_Driver/Src/stm32f4xx_hal_dma.o
LOAD ./Drivers/STM32F4xx_HAL_Driver/Src/stm32f4xx_hal_dma_ex.o
LOAD ./Drivers/STM32F4xx_HAL_Driver/Src/stm32f4xx_hal_exti.o
LOAD ./Drivers/STM32F4xx_HAL_Driver/Src/stm32f4xx_hal_flash.o
LOAD ./Drivers/STM32F4xx_HAL_Driver/Src/stm32f4xx_hal_flash_ex.o
LOAD ./Drivers/STM32F4xx_HAL_Driver/Src/stm32f4xx_hal_flash_ramfunc.o
LOAD ./Drivers/STM32F4xx_HAL_Driver/Src/stm32f4xx_hal_gpio.o
LOAD ./Drivers/STM32F4xx_HAL_Driver/Src/stm32f4xx_hal_i2c.o
LOAD ./Drivers/STM32F4xx_HAL_Driver/Src/stm32f4xx_hal_i2c_ex.o
LOAD ./Drivers/STM32F4xx_HAL_Driver/Src/stm32f4xx_hal_pwr.o
LOAD ./Drivers/STM32F4xx_HAL_Driver/Src/stm32f4xx_hal_pwr_ex.o
LOAD ./Drivers/STM32F4xx_HAL_Driver/Src/stm32f4xx_hal_rcc.o
LOAD ./Drivers/STM32F4xx_HAL_Driver/Src/stm32f4xx_hal_rcc_ex.o
LOAD ./Drivers/STM32F4xx_HAL_Driver/Src/stm32f4xx_hal_tim.o
LOAD ./Drivers/STM32F4xx_HAL_Driver/Src/stm32f4xx_hal_tim_ex.o
START GROUP
LOAD /Applications/STM32CubeIDE.app/Contents/Eclipse/plugins/com.st.stm32cube.ide.mcu.externaltools.gnu-tools-for-stm32.11.3.rel1.macos64_1.1.0.202305231506/tools/bin/../lib/gcc/arm-none-eabi/11.3.1/../../../../arm-none-eabi/lib/thumb/v7e-m+fp/hard/libc_nano.a
LOAD /Applications/STM32CubeIDE.app/Contents/Eclipse/plugins/com.st.stm32cube.ide.mcu.externaltools.gnu-tools-for-stm32.11.3.rel1.macos64_1.1.0.202305231506/tools/bin/../lib/gcc/arm-none-eabi/11.3.1/../../../../arm-none-eabi/lib/thumb/v7e-m+fp/hard/libm.a
END GROUP
START GROUP
LOAD /Applications/STM32CubeIDE.app/Contents/Eclipse/plugins/com.st.stm32cube.ide.mcu.externaltools.gnu-tools-for-stm32.11.3.rel1.macos64_1.1.0.202305231506/tools/bin/../lib/gcc/arm-none-eabi/11.3.1/thumb/v7e-m+fp/hard/libgcc.a
LOAD /Applications/STM32CubeIDE.app/Contents/Eclipse/plugins/com.st.stm32cube.ide.mcu.externaltools.gnu-tools-for-stm32.11.3.rel1.macos64_1.1.0.202305231506/tools/bin/../lib/gcc/arm-none-eabi/11.3.1/../../../../arm-none-eabi/lib/thumb/v7e-m+fp/hard/libc_nano.a
END GROUP
START GROUP
LOAD /Applications/STM32CubeIDE.app/Contents/Eclipse/plugins/com.st.stm32cube.ide.mcu.externaltools.gnu-tools-for-stm32.11.3.rel1.macos64_1.1.0.202305231506/tools/bin/../lib/gcc/arm-none-eabi/11.3.1/thumb/v7e-m+fp/hard/libgcc.a
LOAD /Applications/STM32CubeIDE.app/Contents/Eclipse/plugins/com.st.stm32cube.ide.mcu.externaltools.gnu-tools-for-stm32.11.3.rel1.macos64_1.1.0.202305231506/tools/bin/../lib/gcc/arm-none-eabi/11.3.1/../../../../arm-none-eabi/lib/thumb/v7e-m+fp/hard/libc_nano.a
LOAD /Applications/STM32CubeIDE.app/Contents/Eclipse/plugins/com.st.stm32cube.ide.mcu.externaltools.gnu-tools-for-stm32.11.3.rel1.macos64_1.1.0.202305231506/tools/bin/../lib/gcc/arm-none-eabi/11.3.1/../../../../arm-none-eabi/lib/thumb/v7e-m+fp/hard/libnosys.a
END GROUP
START GROUP
LOAD /Applications/STM32CubeIDE.app/Contents/Eclipse/plugins/com.st.stm32cube.ide.mcu.externaltools.gnu-tools-for-stm32.11.3.rel1.macos64_1.1.0.202305231506/tools/bin/../lib/gcc/arm-none-eabi/11.3.1/thumb/v7e-m+fp/hard/libgcc.a
LOAD /Applications/STM32CubeIDE.app/Contents/Eclipse/plugins/com.st.stm32cube.ide.mcu.externaltools.gnu-tools-for-stm32.11.3.rel1.macos64_1.1.0.202305231506/tools/bin/../lib/gcc/arm-none-eabi/11.3.1/../../../../arm-none-eabi/lib/thumb/v7e-m+fp/hard/libc_nano.a
LOAD /Applications/STM32CubeIDE.app/Contents/Eclipse/plugins/com.st.stm32cube.ide.mcu.externaltools.gnu-tools-for-stm32.11.3.rel1.macos64_1.1.0.202305231506/tools/bin/../lib/gcc/arm-none-eabi/11.3.1/../../../../arm-none-eabi/lib/thumb/v7e-m+fp/hard/libnosys.a
END GROUP
LOAD /Applications/STM32CubeIDE.app/Contents/Eclipse/plugins/com.st.stm32cube.ide.mcu.externaltools.gnu-tools-for-stm32.11.3.rel1.macos64_1.1.0.202305231506/tools/bin/../lib/gcc/arm-none-eabi/11.3.1/thumb/v7e-m+fp/hard/crtend.o
LOAD /Applications/STM32CubeIDE.app/Contents/Eclipse/plugins/com.st.stm32cube.ide.mcu.externaltools.gnu-tools-for-stm32.11.3.rel1.macos64_1.1.0.202305231506/tools/bin/../lib/gcc/arm-none-eabi/11.3.1/thumb/v7e-m+fp/hard/crtn.o
                0x0000000020020000                _estack = (ORIGIN (RAM) + LENGTH (RAM))
                0x0000000000000200                _Min_Heap_Size = 0x200
                0x0000000000000400                _Min_Stack_Size = 0x400

.isr_vector     0x0000000008000000      0x188
                0x0000000008000000                . = ALIGN (0x4)
 *(.isr_vector)
 .isr_vector    0x0000000008000000      0x188 ./Core/Startup/startup_stm32f407vetx.o
                0x0000000008000000                g_pfnVectors
                0x0000000008000188                . = ALIGN (0x4)

.text           0x0000000008000188     0x4f7c
                0x0000000008000188                . = ALIGN (0x4)
 *(.text)
 .text          0x0000000008000188       0x40 /Applications/STM32CubeIDE.app/Contents/Eclipse/plugins/com.st.stm32cube.ide.mcu.externaltools.gnu-tools-for-stm32.11.3.rel1.macos64_1.1.0.202305231506/tools/bin/../lib/gcc/arm-none-eabi/11.3.1/thumb/v7e-m+fp/hard/crtbegin.o
 .text          0x00000000080001c8       0x30 /Applications/STM32CubeIDE.app/Contents/Eclipse/plugins/com.st.stm32cube.ide.mcu.externaltools.gnu-tools-for-stm32.11.3.rel1.macos64_1.1.0.202305231506/tools/bin/../lib/gcc/arm-none-eabi/11.3.1/thumb/v7e-m+fp/hard/libgcc.a(_aeabi_uldivmod.o)
                0x00000000080001c8                __aeabi_uldivmod
 .text          0x00000000080001f8      0x2c8 /Applications/STM32CubeIDE.app/Contents/Eclipse/plugins/com.st.stm32cube.ide.mcu.externaltools.gnu-tools-for-stm32.11.3.rel1.macos64_1.1.0.202305231506/tools/bin/../lib/gcc/arm-none-eabi/11.3.1/thumb/v7e-m+fp/hard/libgcc.a(_udivmoddi4.o)
                0x00000000080001f8                __udivmoddi4
 .text          0x00000000080004c0        0x4 /Applications/STM32CubeIDE.app/Contents/Eclipse/plugins/com.st.stm32cube.ide.mcu.externaltools.gnu-tools-for-stm32.11.3.rel1.macos64_1.1.0.202305231506/tools/bin/../lib/gcc/arm-none-eabi/11.3.1/thumb/v7e-m+fp/hard/libgcc.a(_dvmd_tls.o)
                0x00000000080004c0                __aeabi_ldiv0
                0x00000000080004c0                __aeabi_idiv0
 *(.text*)
 .text.imu_init
                0x00000000080004c4      0x158 ./Core/Src/imu.o
                0x00000000080004c4                imu_init
 .text.read_one_byte
                0x000000000800061c       0x70 ./Core/Src/imu.o
                0x000000000800061c                read_one_byte
 .text.write_one_byte
                0x000000000800068c       0x5c ./Core/Src/imu.o
                0x000000000800068c                write_one_byte
 .text.select_bank
                0x00000000080006e8       0x68 ./Core/Src/imu.o
                0x00000000080006e8                select_bank
 .text.get_cur_bank
                0x0000000008000750       0x5c ./Core/Src/imu.o
                0x0000000008000750                get_cur_bank
 .text.read_raw_accel_x
                0x00000000080007ac       0x30 ./Core/Src/imu.o
                0x00000000080007ac                read_raw_accel_x
 .text.read_raw_accel_y
                0x00000000080007dc       0x30 ./Core/Src/imu.o
                0x00000000080007dc                read_raw_accel_y
 .text.read_raw_accel_z
                0x000000000800080c       0x30 ./Core/Src/imu.o
                0x000000000800080c                read_raw_accel_z
 .text.accel_caliberate
                0x000000000800083c      0x1b4 ./Core/Src/imu.o
                0x000000000800083c                accel_caliberate
 .text.read_raw_gyro_x
                0x00000000080009f0       0x30 ./Core/Src/imu.o
                0x00000000080009f0                read_raw_gyro_x
 .text.read_raw_gyro_y
                0x0000000008000a20       0x30 ./Core/Src/imu.o
                0x0000000008000a20                read_raw_gyro_y
 .text.read_raw_gyro_z
                0x0000000008000a50       0x30 ./Core/Src/imu.o
                0x0000000008000a50                read_raw_gyro_z
 .text.read_gyro_z
                0x0000000008000a80       0x3c ./Core/Src/imu.o
                0x0000000008000a80                read_gyro_z
 .text.gyro_caliberate
                0x0000000008000abc      0x11c ./Core/Src/imu.o
                0x0000000008000abc                gyro_caliberate
 .text.calcOri  0x0000000008000bd8       0x4a ./Core/Src/imu.o
                0x0000000008000bd8                calcOri
 *fill*         0x0000000008000c22        0x2 
 .text.HAL_TIM_IC_CaptureCallback
                0x0000000008000c24       0xac ./Core/Src/main.o
                0x0000000008000c24                HAL_TIM_IC_CaptureCallback
 .text.main     0x0000000008000cd0       0xa8 ./Core/Src/main.o
                0x0000000008000cd0                main
 .text.SystemClock_Config
                0x0000000008000d78       0xbc ./Core/Src/main.o
                0x0000000008000d78                SystemClock_Config
 .text.MX_I2C1_Init
                0x0000000008000e34       0x5c ./Core/Src/main.o
 .text.MX_TIM1_Init
                0x0000000008000e90      0x13c ./Core/Src/main.o
 .text.MX_TIM2_Init
                0x0000000008000fcc       0xa8 ./Core/Src/main.o
 .text.MX_TIM3_Init
                0x0000000008001074       0xa8 ./Core/Src/main.o
 .text.MX_TIM8_Init
                0x000000000800111c      0x154 ./Core/Src/main.o
 .text.MX_GPIO_Init
                0x0000000008001270       0xec ./Core/Src/main.o
 .text.Error_Handler
                0x000000000800135c        0xa ./Core/Src/main.o
                0x000000000800135c                Error_Handler
 *fill*         0x0000000008001366        0x2 
 .text.mtr_init
                0x0000000008001368       0xb4 ./Core/Src/motors.o
                0x0000000008001368                mtr_init
 .text.mtrA_init
                0x000000000800141c       0xa4 ./Core/Src/motors.o
                0x000000000800141c                mtrA_init
 .text.mtrB_init
                0x00000000080014c0       0xa4 ./Core/Src/motors.o
                0x00000000080014c0                mtrB_init
 .text.mtrA_mov
                0x0000000008001564       0x68 ./Core/Src/motors.o
                0x0000000008001564                mtrA_mov
 .text.mtrB_mov
                0x00000000080015cc       0x68 ./Core/Src/motors.o
                0x00000000080015cc                mtrB_mov
 .text.mtr_mov  0x0000000008001634       0x58 ./Core/Src/motors.o
                0x0000000008001634                mtr_mov
 .text.mtr_mov_deg
                0x000000000800168c       0x90 ./Core/Src/motors.o
                0x000000000800168c                mtr_mov_deg
 .text.PID_Control
                0x000000000800171c      0x118 ./Core/Src/motors.o
                0x000000000800171c                PID_Control
 .text.OLED_Refresh_Gram
                0x0000000008001834       0x70 ./Core/Src/oled.o
                0x0000000008001834                OLED_Refresh_Gram
 .text.OLED_WR_Byte
                0x00000000080018a4       0x94 ./Core/Src/oled.o
                0x00000000080018a4                OLED_WR_Byte
 .text.OLED_Clear
                0x0000000008001938       0x4c ./Core/Src/oled.o
                0x0000000008001938                OLED_Clear
 .text.OLED_Init
                0x0000000008001984      0x118 ./Core/Src/oled.o
                0x0000000008001984                OLED_Init
 .text.HAL_MspInit
                0x0000000008001a9c       0x50 ./Core/Src/stm32f4xx_hal_msp.o
                0x0000000008001a9c                HAL_MspInit
 .text.HAL_I2C_MspInit
                0x0000000008001aec       0x90 ./Core/Src/stm32f4xx_hal_msp.o
                0x0000000008001aec                HAL_I2C_MspInit
 .text.HAL_TIM_Base_MspInit
                0x0000000008001b7c       0xbc ./Core/Src/stm32f4xx_hal_msp.o
                0x0000000008001b7c                HAL_TIM_Base_MspInit
 .text.HAL_TIM_Encoder_MspInit
                0x0000000008001c38      0x154 ./Core/Src/stm32f4xx_hal_msp.o
                0x0000000008001c38                HAL_TIM_Encoder_MspInit
 .text.HAL_TIM_MspPostInit
                0x0000000008001d8c       0x74 ./Core/Src/stm32f4xx_hal_msp.o
                0x0000000008001d8c                HAL_TIM_MspPostInit
 .text.NMI_Handler
                0x0000000008001e00        0x6 ./Core/Src/stm32f4xx_it.o
                0x0000000008001e00                NMI_Handler
 .text.HardFault_Handler
                0x0000000008001e06        0x6 ./Core/Src/stm32f4xx_it.o
                0x0000000008001e06                HardFault_Handler
 .text.MemManage_Handler
                0x0000000008001e0c        0x6 ./Core/Src/stm32f4xx_it.o
                0x0000000008001e0c                MemManage_Handler
 .text.BusFault_Handler
                0x0000000008001e12        0x6 ./Core/Src/stm32f4xx_it.o
                0x0000000008001e12                BusFault_Handler
 .text.UsageFault_Handler
                0x0000000008001e18        0x6 ./Core/Src/stm32f4xx_it.o
                0x0000000008001e18                UsageFault_Handler
 .text.SVC_Handler
                0x0000000008001e1e        0xe ./Core/Src/stm32f4xx_it.o
                0x0000000008001e1e                SVC_Handler
 .text.DebugMon_Handler
                0x0000000008001e2c        0xe ./Core/Src/stm32f4xx_it.o
                0x0000000008001e2c                DebugMon_Handler
 .text.PendSV_Handler
                0x0000000008001e3a        0xe ./Core/Src/stm32f4xx_it.o
                0x0000000008001e3a                PendSV_Handler
 .text.SysTick_Handler
                0x0000000008001e48        0xc ./Core/Src/stm32f4xx_it.o
                0x0000000008001e48                SysTick_Handler
 .text.TIM2_IRQHandler
                0x0000000008001e54       0x14 ./Core/Src/stm32f4xx_it.o
                0x0000000008001e54                TIM2_IRQHandler
 .text.TIM3_IRQHandler
                0x0000000008001e68       0x14 ./Core/Src/stm32f4xx_it.o
                0x0000000008001e68                TIM3_IRQHandler
 .text.SystemInit
                0x0000000008001e7c       0x24 ./Core/Src/system_stm32f4xx.o
                0x0000000008001e7c                SystemInit
 .text.Reset_Handler
                0x0000000008001ea0       0x50 ./Core/Startup/startup_stm32f407vetx.o
                0x0000000008001ea0                Reset_Handler
 .text.Default_Handler
                0x0000000008001ef0        0x2 ./Core/Startup/startup_stm32f407vetx.o
                0x0000000008001ef0                DMA1_Stream3_IRQHandler
                0x0000000008001ef0                HASH_RNG_IRQHandler
                0x0000000008001ef0                EXTI2_IRQHandler
                0x0000000008001ef0                TIM8_CC_IRQHandler
                0x0000000008001ef0                TIM1_CC_IRQHandler
                0x0000000008001ef0                DMA2_Stream5_IRQHandler
                0x0000000008001ef0                DMA1_Stream5_IRQHandler
                0x0000000008001ef0                PVD_IRQHandler
                0x0000000008001ef0                SDIO_IRQHandler
                0x0000000008001ef0                TAMP_STAMP_IRQHandler
                0x0000000008001ef0                CAN2_RX1_IRQHandler
                0x0000000008001ef0                EXTI3_IRQHandler
                0x0000000008001ef0                TIM8_TRG_COM_TIM14_IRQHandler
                0x0000000008001ef0                TIM1_UP_TIM10_IRQHandler
                0x0000000008001ef0                TIM8_UP_TIM13_IRQHandler
                0x0000000008001ef0                I2C3_ER_IRQHandler
                0x0000000008001ef0                EXTI0_IRQHandler
                0x0000000008001ef0                I2C2_EV_IRQHandler
                0x0000000008001ef0                DMA1_Stream2_IRQHandler
                0x0000000008001ef0                CAN1_RX0_IRQHandler
                0x0000000008001ef0                FPU_IRQHandler
                0x0000000008001ef0                OTG_HS_WKUP_IRQHandler
                0x0000000008001ef0                CAN2_SCE_IRQHandler
                0x0000000008001ef0                DMA2_Stream2_IRQHandler
                0x0000000008001ef0                SPI1_IRQHandler
                0x0000000008001ef0                TIM6_DAC_IRQHandler
                0x0000000008001ef0                TIM1_BRK_TIM9_IRQHandler
                0x0000000008001ef0                DCMI_IRQHandler
                0x0000000008001ef0                CAN2_RX0_IRQHandler
                0x0000000008001ef0                DMA2_Stream3_IRQHandler
                0x0000000008001ef0                USART6_IRQHandler
                0x0000000008001ef0                USART3_IRQHandler
                0x0000000008001ef0                CAN1_RX1_IRQHandler
                0x0000000008001ef0                UART5_IRQHandler
                0x0000000008001ef0                DMA2_Stream0_IRQHandler
                0x0000000008001ef0                TIM4_IRQHandler
                0x0000000008001ef0                I2C1_EV_IRQHandler
                0x0000000008001ef0                DMA1_Stream6_IRQHandler
                0x0000000008001ef0                DMA1_Stream1_IRQHandler
                0x0000000008001ef0                UART4_IRQHandler
                0x0000000008001ef0                RCC_IRQHandler
                0x0000000008001ef0                TIM8_BRK_TIM12_IRQHandler
                0x0000000008001ef0                Default_Handler
                0x0000000008001ef0                EXTI15_10_IRQHandler
                0x0000000008001ef0                ADC_IRQHandler
                0x0000000008001ef0                DMA1_Stream7_IRQHandler
                0x0000000008001ef0                TIM7_IRQHandler
                0x0000000008001ef0                CAN2_TX_IRQHandler
                0x0000000008001ef0                TIM5_IRQHandler
                0x0000000008001ef0                DMA2_Stream7_IRQHandler
                0x0000000008001ef0                I2C3_EV_IRQHandler
                0x0000000008001ef0                EXTI9_5_IRQHandler
                0x0000000008001ef0                RTC_WKUP_IRQHandler
                0x0000000008001ef0                ETH_WKUP_IRQHandler
                0x0000000008001ef0                SPI2_IRQHandler
                0x0000000008001ef0                OTG_HS_EP1_IN_IRQHandler
                0x0000000008001ef0                DMA1_Stream0_IRQHandler
                0x0000000008001ef0                CAN1_TX_IRQHandler
                0x0000000008001ef0                EXTI4_IRQHandler
                0x0000000008001ef0                FSMC_IRQHandler
                0x0000000008001ef0                ETH_IRQHandler
                0x0000000008001ef0                OTG_HS_EP1_OUT_IRQHandler
                0x0000000008001ef0                WWDG_IRQHandler
                0x0000000008001ef0                OTG_FS_WKUP_IRQHandler
                0x0000000008001ef0                TIM1_TRG_COM_TIM11_IRQHandler
                0x0000000008001ef0                OTG_HS_IRQHandler
                0x0000000008001ef0                EXTI1_IRQHandler
                0x0000000008001ef0                USART2_IRQHandler
                0x0000000008001ef0                I2C2_ER_IRQHandler
                0x0000000008001ef0                DMA2_Stream1_IRQHandler
                0x0000000008001ef0                CAN1_SCE_IRQHandler
                0x0000000008001ef0                FLASH_IRQHandler
                0x0000000008001ef0                DMA2_Stream4_IRQHandler
                0x0000000008001ef0                USART1_IRQHandler
                0x0000000008001ef0                OTG_FS_IRQHandler
                0x0000000008001ef0                SPI3_IRQHandler
                0x0000000008001ef0                DMA1_Stream4_IRQHandler
                0x0000000008001ef0                I2C1_ER_IRQHandler
                0x0000000008001ef0                DMA2_Stream6_IRQHandler
                0x0000000008001ef0                RTC_Alarm_IRQHandler
 *fill*         0x0000000008001ef2        0x2 
 .text.HAL_Init
                0x0000000008001ef4       0x44 ./Drivers/STM32F4xx_HAL_Driver/Src/stm32f4xx_hal.o
                0x0000000008001ef4                HAL_Init
 .text.HAL_InitTick
                0x0000000008001f38       0x60 ./Drivers/STM32F4xx_HAL_Driver/Src/stm32f4xx_hal.o
                0x0000000008001f38                HAL_InitTick
 .text.HAL_IncTick
                0x0000000008001f98       0x28 ./Drivers/STM32F4xx_HAL_Driver/Src/stm32f4xx_hal.o
                0x0000000008001f98                HAL_IncTick
 .text.HAL_GetTick
                0x0000000008001fc0       0x18 ./Drivers/STM32F4xx_HAL_Driver/Src/stm32f4xx_hal.o
                0x0000000008001fc0                HAL_GetTick
 .text.HAL_Delay
                0x0000000008001fd8       0x48 ./Drivers/STM32F4xx_HAL_Driver/Src/stm32f4xx_hal.o
                0x0000000008001fd8                HAL_Delay
 .text.__NVIC_SetPriorityGrouping
                0x0000000008002020       0x48 ./Drivers/STM32F4xx_HAL_Driver/Src/stm32f4xx_hal_cortex.o
 .text.__NVIC_GetPriorityGrouping
                0x0000000008002068       0x1c ./Drivers/STM32F4xx_HAL_Driver/Src/stm32f4xx_hal_cortex.o
 .text.__NVIC_EnableIRQ
                0x0000000008002084       0x3c ./Drivers/STM32F4xx_HAL_Driver/Src/stm32f4xx_hal_cortex.o
 .text.__NVIC_SetPriority
                0x00000000080020c0       0x54 ./Drivers/STM32F4xx_HAL_Driver/Src/stm32f4xx_hal_cortex.o
 .text.NVIC_EncodePriority
                0x0000000008002114       0x66 ./Drivers/STM32F4xx_HAL_Driver/Src/stm32f4xx_hal_cortex.o
 *fill*         0x000000000800217a        0x2 
 .text.SysTick_Config
                0x000000000800217c       0x44 ./Drivers/STM32F4xx_HAL_Driver/Src/stm32f4xx_hal_cortex.o
 .text.HAL_NVIC_SetPriorityGrouping
                0x00000000080021c0       0x16 ./Drivers/STM32F4xx_HAL_Driver/Src/stm32f4xx_hal_cortex.o
                0x00000000080021c0                HAL_NVIC_SetPriorityGrouping
 .text.HAL_NVIC_SetPriority
                0x00000000080021d6       0x38 ./Drivers/STM32F4xx_HAL_Driver/Src/stm32f4xx_hal_cortex.o
                0x00000000080021d6                HAL_NVIC_SetPriority
 .text.HAL_NVIC_EnableIRQ
                0x000000000800220e       0x1c ./Drivers/STM32F4xx_HAL_Driver/Src/stm32f4xx_hal_cortex.o
                0x000000000800220e                HAL_NVIC_EnableIRQ
 .text.HAL_SYSTICK_Config
                0x000000000800222a       0x18 ./Drivers/STM32F4xx_HAL_Driver/Src/stm32f4xx_hal_cortex.o
                0x000000000800222a                HAL_SYSTICK_Config
 *fill*         0x0000000008002242        0x2 
 .text.HAL_GPIO_Init
                0x0000000008002244      0x338 ./Drivers/STM32F4xx_HAL_Driver/Src/stm32f4xx_hal_gpio.o
                0x0000000008002244                HAL_GPIO_Init
 .text.HAL_GPIO_WritePin
                0x000000000800257c       0x32 ./Drivers/STM32F4xx_HAL_Driver/Src/stm32f4xx_hal_gpio.o
                0x000000000800257c                HAL_GPIO_WritePin
 *fill*         0x00000000080025ae        0x2 
 .text.HAL_I2C_Init
                0x00000000080025b0      0x288 ./Drivers/STM32F4xx_HAL_Driver/Src/stm32f4xx_hal_i2c.o
                0x00000000080025b0                HAL_I2C_Init
 .text.HAL_I2C_Master_Transmit
                0x0000000008002838      0x1fc ./Drivers/STM32F4xx_HAL_Driver/Src/stm32f4xx_hal_i2c.o
                0x0000000008002838                HAL_I2C_Master_Transmit
 .text.HAL_I2C_Master_Receive
                0x0000000008002a34      0x44c ./Drivers/STM32F4xx_HAL_Driver/Src/stm32f4xx_hal_i2c.o
                0x0000000008002a34                HAL_I2C_Master_Receive
 .text.I2C_MasterRequestWrite
                0x0000000008002e80      0x104 ./Drivers/STM32F4xx_HAL_Driver/Src/stm32f4xx_hal_i2c.o
 .text.I2C_MasterRequestRead
                0x0000000008002f84      0x19c ./Drivers/STM32F4xx_HAL_Driver/Src/stm32f4xx_hal_i2c.o
 .text.I2C_WaitOnFlagUntilTimeout
                0x0000000008003120       0xae ./Drivers/STM32F4xx_HAL_Driver/Src/stm32f4xx_hal_i2c.o
 .text.I2C_WaitOnMasterAddressFlagUntilTimeout
                0x00000000080031ce       0xfe ./Drivers/STM32F4xx_HAL_Driver/Src/stm32f4xx_hal_i2c.o
 .text.I2C_WaitOnTXEFlagUntilTimeout
                0x00000000080032cc       0x82 ./Drivers/STM32F4xx_HAL_Driver/Src/stm32f4xx_hal_i2c.o
 .text.I2C_WaitOnBTFFlagUntilTimeout
                0x000000000800334e       0x82 ./Drivers/STM32F4xx_HAL_Driver/Src/stm32f4xx_hal_i2c.o
 .text.I2C_WaitOnRXNEFlagUntilTimeout
                0x00000000080033d0       0xac ./Drivers/STM32F4xx_HAL_Driver/Src/stm32f4xx_hal_i2c.o
 .text.I2C_IsAcknowledgeFailed
                0x000000000800347c       0x5e ./Drivers/STM32F4xx_HAL_Driver/Src/stm32f4xx_hal_i2c.o
 *fill*         0x00000000080034da        0x2 
 .text.HAL_PWR_EnableBkUpAccess
                0x00000000080034dc       0x28 ./Drivers/STM32F4xx_HAL_Driver/Src/stm32f4xx_hal_pwr.o
                0x00000000080034dc                HAL_PWR_EnableBkUpAccess
 .text.HAL_PWR_DisableBkUpAccess
                0x0000000008003504       0x28 ./Drivers/STM32F4xx_HAL_Driver/Src/stm32f4xx_hal_pwr.o
                0x0000000008003504                HAL_PWR_DisableBkUpAccess
 .text.HAL_RCC_OscConfig
                0x000000000800352c      0x4f0 ./Drivers/STM32F4xx_HAL_Driver/Src/stm32f4xx_hal_rcc.o
                0x000000000800352c                HAL_RCC_OscConfig
 .text.HAL_RCC_ClockConfig
                0x0000000008003a1c      0x1cc ./Drivers/STM32F4xx_HAL_Driver/Src/stm32f4xx_hal_rcc.o
                0x0000000008003a1c                HAL_RCC_ClockConfig
 .text.HAL_RCC_GetSysClockFreq
                0x0000000008003be8      0x18c ./Drivers/STM32F4xx_HAL_Driver/Src/stm32f4xx_hal_rcc.o
                0x0000000008003be8                HAL_RCC_GetSysClockFreq
 .text.HAL_RCC_GetHCLKFreq
                0x0000000008003d74       0x18 ./Drivers/STM32F4xx_HAL_Driver/Src/stm32f4xx_hal_rcc.o
                0x0000000008003d74                HAL_RCC_GetHCLKFreq
 .text.HAL_RCC_GetPCLK1Freq
                0x0000000008003d8c       0x28 ./Drivers/STM32F4xx_HAL_Driver/Src/stm32f4xx_hal_rcc.o
                0x0000000008003d8c                HAL_RCC_GetPCLK1Freq
 .text.HAL_TIM_Base_Init
                0x0000000008003db4       0x9e ./Drivers/STM32F4xx_HAL_Driver/Src/stm32f4xx_hal_tim.o
                0x0000000008003db4                HAL_TIM_Base_Init
 .text.HAL_TIM_PWM_Init
                0x0000000008003e52       0x9e ./Drivers/STM32F4xx_HAL_Driver/Src/stm32f4xx_hal_tim.o
                0x0000000008003e52                HAL_TIM_PWM_Init
 .text.HAL_TIM_PWM_MspInit
                0x0000000008003ef0       0x14 ./Drivers/STM32F4xx_HAL_Driver/Src/stm32f4xx_hal_tim.o
                0x0000000008003ef0                HAL_TIM_PWM_MspInit
 .text.HAL_TIM_PWM_Start
                0x0000000008003f04      0x190 ./Drivers/STM32F4xx_HAL_Driver/Src/stm32f4xx_hal_tim.o
                0x0000000008003f04                HAL_TIM_PWM_Start
 .text.HAL_TIM_Encoder_Init
                0x0000000008004094      0x14c ./Drivers/STM32F4xx_HAL_Driver/Src/stm32f4xx_hal_tim.o
                0x0000000008004094                HAL_TIM_Encoder_Init
 .text.HAL_TIM_Encoder_Start_IT
                0x00000000080041e0      0x15c ./Drivers/STM32F4xx_HAL_Driver/Src/stm32f4xx_hal_tim.o
                0x00000000080041e0                HAL_TIM_Encoder_Start_IT
 .text.HAL_TIM_IRQHandler
                0x000000000800433c      0x210 ./Drivers/STM32F4xx_HAL_Driver/Src/stm32f4xx_hal_tim.o
                0x000000000800433c                HAL_TIM_IRQHandler
 .text.HAL_TIM_PWM_ConfigChannel
                0x000000000800454c      0x184 ./Drivers/STM32F4xx_HAL_Driver/Src/stm32f4xx_hal_tim.o
                0x000000000800454c                HAL_TIM_PWM_ConfigChannel
 .text.HAL_TIM_ConfigClockSource
                0x00000000080046d0      0x18e ./Drivers/STM32F4xx_HAL_Driver/Src/stm32f4xx_hal_tim.o
                0x00000000080046d0                HAL_TIM_ConfigClockSource
 .text.HAL_TIM_PeriodElapsedCallback
                0x000000000800485e       0x14 ./Drivers/STM32F4xx_HAL_Driver/Src/stm32f4xx_hal_tim.o
                0x000000000800485e                HAL_TIM_PeriodElapsedCallback
 .text.HAL_TIM_OC_DelayElapsedCallback
                0x0000000008004872       0x14 ./Drivers/STM32F4xx_HAL_Driver/Src/stm32f4xx_hal_tim.o
                0x0000000008004872                HAL_TIM_OC_DelayElapsedCallback
 .text.HAL_TIM_PWM_PulseFinishedCallback
                0x0000000008004886       0x14 ./Drivers/STM32F4xx_HAL_Driver/Src/stm32f4xx_hal_tim.o
                0x0000000008004886                HAL_TIM_PWM_PulseFinishedCallback
 .text.HAL_TIM_TriggerCallback
                0x000000000800489a       0x14 ./Drivers/STM32F4xx_HAL_Driver/Src/stm32f4xx_hal_tim.o
                0x000000000800489a                HAL_TIM_TriggerCallback
 *fill*         0x00000000080048ae        0x2 
 .text.TIM_Base_SetConfig
                0x00000000080048b0      0x140 ./Drivers/STM32F4xx_HAL_Driver/Src/stm32f4xx_hal_tim.o
                0x00000000080048b0                TIM_Base_SetConfig
 .text.TIM_OC1_SetConfig
                0x00000000080049f0       0xe0 ./Drivers/STM32F4xx_HAL_Driver/Src/stm32f4xx_hal_tim.o
 .text.TIM_OC2_SetConfig
                0x0000000008004ad0       0xec ./Drivers/STM32F4xx_HAL_Driver/Src/stm32f4xx_hal_tim.o
                0x0000000008004ad0                TIM_OC2_SetConfig
 .text.TIM_OC3_SetConfig
                0x0000000008004bbc       0xe8 ./Drivers/STM32F4xx_HAL_Driver/Src/stm32f4xx_hal_tim.o
 .text.TIM_OC4_SetConfig
                0x0000000008004ca4       0xac ./Drivers/STM32F4xx_HAL_Driver/Src/stm32f4xx_hal_tim.o
 .text.TIM_TI1_ConfigInputStage
                0x0000000008004d50       0x5e ./Drivers/STM32F4xx_HAL_Driver/Src/stm32f4xx_hal_tim.o
 .text.TIM_TI2_ConfigInputStage
                0x0000000008004dae       0x60 ./Drivers/STM32F4xx_HAL_Driver/Src/stm32f4xx_hal_tim.o
 .text.TIM_ITRx_SetConfig
                0x0000000008004e0e       0x36 ./Drivers/STM32F4xx_HAL_Driver/Src/stm32f4xx_hal_tim.o
 .text.TIM_ETR_SetConfig
                0x0000000008004e44       0x40 ./Drivers/STM32F4xx_HAL_Driver/Src/stm32f4xx_hal_tim.o
                0x0000000008004e44                TIM_ETR_SetConfig
 .text.TIM_CCxChannelCmd
                0x0000000008004e84       0x4a ./Drivers/STM32F4xx_HAL_Driver/Src/stm32f4xx_hal_tim.o
                0x0000000008004e84                TIM_CCxChannelCmd
 *fill*         0x0000000008004ece        0x2 
 .text.HAL_TIMEx_MasterConfigSynchronization
                0x0000000008004ed0       0xf8 ./Drivers/STM32F4xx_HAL_Driver/Src/stm32f4xx_hal_tim_ex.o
                0x0000000008004ed0                HAL_TIMEx_MasterConfigSynchronization
 .text.HAL_TIMEx_ConfigBreakDeadTime
                0x0000000008004fc8       0xa4 ./Drivers/STM32F4xx_HAL_Driver/Src/stm32f4xx_hal_tim_ex.o
                0x0000000008004fc8                HAL_TIMEx_ConfigBreakDeadTime
 .text.HAL_TIMEx_CommutCallback
                0x000000000800506c       0x14 ./Drivers/STM32F4xx_HAL_Driver/Src/stm32f4xx_hal_tim_ex.o
                0x000000000800506c                HAL_TIMEx_CommutCallback
 .text.HAL_TIMEx_BreakCallback
                0x0000000008005080       0x14 ./Drivers/STM32F4xx_HAL_Driver/Src/stm32f4xx_hal_tim_ex.o
                0x0000000008005080                HAL_TIMEx_BreakCallback
 .text.memset   0x0000000008005094       0x10 /Applications/STM32CubeIDE.app/Contents/Eclipse/plugins/com.st.stm32cube.ide.mcu.externaltools.gnu-tools-for-stm32.11.3.rel1.macos64_1.1.0.202305231506/tools/bin/../lib/gcc/arm-none-eabi/11.3.1/../../../../arm-none-eabi/lib/thumb/v7e-m+fp/hard/libc_nano.a(libc_a-memset.o)
                0x0000000008005094                memset
 .text.__libc_init_array
                0x00000000080050a4       0x48 /Applications/STM32CubeIDE.app/Contents/Eclipse/plugins/com.st.stm32cube.ide.mcu.externaltools.gnu-tools-for-stm32.11.3.rel1.macos64_1.1.0.202305231506/tools/bin/../lib/gcc/arm-none-eabi/11.3.1/../../../../arm-none-eabi/lib/thumb/v7e-m+fp/hard/libc_nano.a(libc_a-init.o)
                0x00000000080050a4                __libc_init_array
 *(.glue_7)
 .glue_7        0x00000000080050ec        0x0 linker stubs
 *(.glue_7t)
 .glue_7t       0x00000000080050ec        0x0 linker stubs
 *(.eh_frame)
 .eh_frame      0x00000000080050ec        0x0 /Applications/STM32CubeIDE.app/Contents/Eclipse/plugins/com.st.stm32cube.ide.mcu.externaltools.gnu-tools-for-stm32.11.3.rel1.macos64_1.1.0.202305231506/tools/bin/../lib/gcc/arm-none-eabi/11.3.1/thumb/v7e-m+fp/hard/crtbegin.o
 *(.init)
 .init          0x00000000080050ec        0x4 /Applications/STM32CubeIDE.app/Contents/Eclipse/plugins/com.st.stm32cube.ide.mcu.externaltools.gnu-tools-for-stm32.11.3.rel1.macos64_1.1.0.202305231506/tools/bin/../lib/gcc/arm-none-eabi/11.3.1/thumb/v7e-m+fp/hard/crti.o
                0x00000000080050ec                _init
 .init          0x00000000080050f0        0x8 /Applications/STM32CubeIDE.app/Contents/Eclipse/plugins/com.st.stm32cube.ide.mcu.externaltools.gnu-tools-for-stm32.11.3.rel1.macos64_1.1.0.202305231506/tools/bin/../lib/gcc/arm-none-eabi/11.3.1/thumb/v7e-m+fp/hard/crtn.o
 *(.fini)
 .fini          0x00000000080050f8        0x4 /Applications/STM32CubeIDE.app/Contents/Eclipse/plugins/com.st.stm32cube.ide.mcu.externaltools.gnu-tools-for-stm32.11.3.rel1.macos64_1.1.0.202305231506/tools/bin/../lib/gcc/arm-none-eabi/11.3.1/thumb/v7e-m+fp/hard/crti.o
                0x00000000080050f8                _fini
 .fini          0x00000000080050fc        0x8 /Applications/STM32CubeIDE.app/Contents/Eclipse/plugins/com.st.stm32cube.ide.mcu.externaltools.gnu-tools-for-stm32.11.3.rel1.macos64_1.1.0.202305231506/tools/bin/../lib/gcc/arm-none-eabi/11.3.1/thumb/v7e-m+fp/hard/crtn.o
                0x0000000008005104                . = ALIGN (0x4)
                0x0000000008005104                _etext = .

.vfp11_veneer   0x0000000008005104        0x0
 .vfp11_veneer  0x0000000008005104        0x0 linker stubs

.v4_bx          0x0000000008005104        0x0
 .v4_bx         0x0000000008005104        0x0 linker stubs

.iplt           0x0000000008005104        0x0
 .iplt          0x0000000008005104        0x0 /Applications/STM32CubeIDE.app/Contents/Eclipse/plugins/com.st.stm32cube.ide.mcu.externaltools.gnu-tools-for-stm32.11.3.rel1.macos64_1.1.0.202305231506/tools/bin/../lib/gcc/arm-none-eabi/11.3.1/thumb/v7e-m+fp/hard/crtbegin.o

.rodata         0x0000000008005104       0x18
                0x0000000008005104                . = ALIGN (0x4)
 *(.rodata)
 *(.rodata*)
 .rodata.AHBPrescTable
                0x0000000008005104       0x10 ./Core/Src/system_stm32f4xx.o
                0x0000000008005104                AHBPrescTable
 .rodata.APBPrescTable
                0x0000000008005114        0x8 ./Core/Src/system_stm32f4xx.o
                0x0000000008005114                APBPrescTable
                0x000000000800511c                . = ALIGN (0x4)

.ARM.extab      0x000000000800511c        0x0
                0x000000000800511c                . = ALIGN (0x4)
 *(.ARM.extab* .gnu.linkonce.armextab.*)
                0x000000000800511c                . = ALIGN (0x4)

.ARM            0x000000000800511c        0x8
                0x000000000800511c                . = ALIGN (0x4)
                0x000000000800511c                __exidx_start = .
 *(.ARM.exidx*)
 .ARM.exidx     0x000000000800511c        0x8 /Applications/STM32CubeIDE.app/Contents/Eclipse/plugins/com.st.stm32cube.ide.mcu.externaltools.gnu-tools-for-stm32.11.3.rel1.macos64_1.1.0.202305231506/tools/bin/../lib/gcc/arm-none-eabi/11.3.1/thumb/v7e-m+fp/hard/libgcc.a(_udivmoddi4.o)
                0x0000000008005124                __exidx_end = .
                0x0000000008005124                . = ALIGN (0x4)

.rel.dyn        0x0000000008005124        0x0
 .rel.iplt      0x0000000008005124        0x0 /Applications/STM32CubeIDE.app/Contents/Eclipse/plugins/com.st.stm32cube.ide.mcu.externaltools.gnu-tools-for-stm32.11.3.rel1.macos64_1.1.0.202305231506/tools/bin/../lib/gcc/arm-none-eabi/11.3.1/thumb/v7e-m+fp/hard/crtbegin.o

.preinit_array  0x0000000008005124        0x0
                0x0000000008005124                . = ALIGN (0x4)
                0x0000000008005124                PROVIDE (__preinit_array_start = .)
 *(.preinit_array*)
                0x0000000008005124                PROVIDE (__preinit_array_end = .)
                0x0000000008005124                . = ALIGN (0x4)

.init_array     0x0000000008005124        0x4
                0x0000000008005124                . = ALIGN (0x4)
                0x0000000008005124                PROVIDE (__init_array_start = .)
 *(SORT_BY_NAME(.init_array.*))
 *(.init_array*)
 .init_array    0x0000000008005124        0x4 /Applications/STM32CubeIDE.app/Contents/Eclipse/plugins/com.st.stm32cube.ide.mcu.externaltools.gnu-tools-for-stm32.11.3.rel1.macos64_1.1.0.202305231506/tools/bin/../lib/gcc/arm-none-eabi/11.3.1/thumb/v7e-m+fp/hard/crtbegin.o
                0x0000000008005128                PROVIDE (__init_array_end = .)
                0x0000000008005128                . = ALIGN (0x4)

.fini_array     0x0000000008005128        0x4
                0x0000000008005128                . = ALIGN (0x4)
                [!provide]                        PROVIDE (__fini_array_start = .)
 *(SORT_BY_NAME(.fini_array.*))
 *(.fini_array*)
 .fini_array    0x0000000008005128        0x4 /Applications/STM32CubeIDE.app/Contents/Eclipse/plugins/com.st.stm32cube.ide.mcu.externaltools.gnu-tools-for-stm32.11.3.rel1.macos64_1.1.0.202305231506/tools/bin/../lib/gcc/arm-none-eabi/11.3.1/thumb/v7e-m+fp/hard/crtbegin.o
                [!provide]                        PROVIDE (__fini_array_end = .)
                0x000000000800512c                . = ALIGN (0x4)
                0x000000000800512c                _sidata = LOADADDR (.data)

.data           0x0000000020000000       0x10 load address 0x000000000800512c
                0x0000000020000000                . = ALIGN (0x4)
                0x0000000020000000                _sdata = .
 *(.data)
 *(.data*)
 .data.cur_bank
                0x0000000020000000        0x1 ./Core/Src/imu.o
                0x0000000020000000                cur_bank
 .data.ACCEL_FCHOICE_val
                0x0000000020000001        0x1 ./Core/Src/imu.o
                0x0000000020000001                ACCEL_FCHOICE_val
 .data.GYRO_FCHOICE_val
                0x0000000020000002        0x1 ./Core/Src/imu.o
                0x0000000020000002                GYRO_FCHOICE_val
 *fill*         0x0000000020000003        0x1 
 .data.SystemCoreClock
                0x0000000020000004        0x4 ./Core/Src/system_stm32f4xx.o
                0x0000000020000004                SystemCoreClock
 .data.uwTickPrio
                0x0000000020000008        0x4 ./Drivers/STM32F4xx_HAL_Driver/Src/stm32f4xx_hal.o
                0x0000000020000008                uwTickPrio
 .data.uwTickFreq
                0x000000002000000c        0x1 ./Drivers/STM32F4xx_HAL_Driver/Src/stm32f4xx_hal.o
                0x000000002000000c                uwTickFreq
 *(.RamFunc)
 *(.RamFunc*)
                0x0000000020000010                . = ALIGN (0x4)
 *fill*         0x000000002000000d        0x3 
                0x0000000020000010                _edata = .
                0x000000000800513c                _siccmram = LOADADDR (.ccmram)

.igot.plt       0x0000000020000010        0x0 load address 0x000000000800513c
 .igot.plt      0x0000000020000010        0x0 /Applications/STM32CubeIDE.app/Contents/Eclipse/plugins/com.st.stm32cube.ide.mcu.externaltools.gnu-tools-for-stm32.11.3.rel1.macos64_1.1.0.202305231506/tools/bin/../lib/gcc/arm-none-eabi/11.3.1/thumb/v7e-m+fp/hard/crtbegin.o

.ccmram         0x0000000010000000        0x0 load address 0x000000000800513c
                0x0000000010000000                . = ALIGN (0x4)
                0x0000000010000000                _sccmram = .
 *(.ccmram)
 *(.ccmram*)
                0x0000000010000000                . = ALIGN (0x4)
                0x0000000010000000                _eccmram = .
                0x0000000010000000                . = ALIGN (0x4)

.bss            0x0000000020000010      0x608
                0x0000000020000010                _sbss = .
                0x0000000020000010                __bss_start__ = _sbss
 *(.bss)
 .bss           0x0000000020000010       0x1c /Applications/STM32CubeIDE.app/Contents/Eclipse/plugins/com.st.stm32cube.ide.mcu.externaltools.gnu-tools-for-stm32.11.3.rel1.macos64_1.1.0.202305231506/tools/bin/../lib/gcc/arm-none-eabi/11.3.1/thumb/v7e-m+fp/hard/crtbegin.o
 *(.bss*)
 .bss.hi2c1_ptr
                0x000000002000002c        0x4 ./Core/Src/imu.o
                0x000000002000002c                hi2c1_ptr
 .bss.ACCEL_DLPFCFG_val
                0x0000000020000030        0x1 ./Core/Src/imu.o
                0x0000000020000030                ACCEL_DLPFCFG_val
 *fill*         0x0000000020000031        0x1 
 .bss.ACCEL_SMPLRT_DIV_val
                0x0000000020000032        0x2 ./Core/Src/imu.o
                0x0000000020000032                ACCEL_SMPLRT_DIV_val
 .bss.GYRO_DLPFCFG_val
                0x0000000020000034        0x1 ./Core/Src/imu.o
                0x0000000020000034                GYRO_DLPFCFG_val
 .bss.GYRO_SMPLRT_DIV_val
                0x0000000020000035        0x1 ./Core/Src/imu.o
                0x0000000020000035                GYRO_SMPLRT_DIV_val
 *fill*         0x0000000020000036        0x2 
 .bss.hi2c1     0x0000000020000038       0x54 ./Core/Src/main.o
                0x0000000020000038                hi2c1
 .bss.htim1     0x000000002000008c       0x48 ./Core/Src/main.o
                0x000000002000008c                htim1
 .bss.htim2     0x00000000200000d4       0x48 ./Core/Src/main.o
                0x00000000200000d4                htim2
 .bss.htim3     0x000000002000011c       0x48 ./Core/Src/main.o
                0x000000002000011c                htim3
 .bss.htim8     0x0000000020000164       0x48 ./Core/Src/main.o
                0x0000000020000164                htim8
 .bss.orientation
                0x00000000200001ac        0x4 ./Core/Src/main.o
                0x00000000200001ac                orientation
 .bss.mtrA      0x00000000200001b0        0x4 ./Core/Src/main.o
                0x00000000200001b0                mtrA
 .bss.mtrB      0x00000000200001b4        0x4 ./Core/Src/main.o
                0x00000000200001b4                mtrB
 .bss.mtrAPID   0x00000000200001b8       0x20 ./Core/Src/main.o
                0x00000000200001b8                mtrAPID
 .bss.mtrBPID   0x00000000200001d8       0x20 ./Core/Src/main.o
                0x00000000200001d8                mtrBPID
 .bss.motorA    0x00000000200001f8        0x4 ./Core/Src/motors.o
                0x00000000200001f8                motorA
 .bss.motorB    0x00000000200001fc        0x4 ./Core/Src/motors.o
                0x00000000200001fc                motorB
 .bss.motorAPID
                0x0000000020000200        0x4 ./Core/Src/motors.o
                0x0000000020000200                motorAPID
 .bss.motorBPID
                0x0000000020000204        0x4 ./Core/Src/motors.o
                0x0000000020000204                motorBPID
 .bss.htim8Ptr  0x0000000020000208        0x4 ./Core/Src/motors.o
                0x0000000020000208                htim8Ptr
 .bss.htim2Ptr  0x000000002000020c        0x4 ./Core/Src/motors.o
                0x000000002000020c                htim2Ptr
 .bss.htim3Ptr  0x0000000020000210        0x4 ./Core/Src/motors.o
                0x0000000020000210                htim3Ptr
 .bss.OLED_GRAM
                0x0000000020000214      0x400 ./Core/Src/oled.o
                0x0000000020000214                OLED_GRAM
 .bss.uwTick    0x0000000020000614        0x4 ./Drivers/STM32F4xx_HAL_Driver/Src/stm32f4xx_hal.o
                0x0000000020000614                uwTick
 *(COMMON)
                0x0000000020000618                . = ALIGN (0x4)
                0x0000000020000618                _ebss = .
                0x0000000020000618                __bss_end__ = _ebss

._user_heap_stack
                0x0000000020000618      0x600
                0x0000000020000618                . = ALIGN (0x8)
                [!provide]                        PROVIDE (end = .)
                0x0000000020000618                PROVIDE (_end = .)
                0x0000000020000818                . = (. + _Min_Heap_Size)
 *fill*         0x0000000020000618      0x200 
                0x0000000020000c18                . = (. + _Min_Stack_Size)
 *fill*         0x0000000020000818      0x400 
                0x0000000020000c18                . = ALIGN (0x8)

/DISCARD/
 libc.a(*)
 libm.a(*)
 libgcc.a(*)

.ARM.attributes
                0x0000000000000000       0x30
 *(.ARM.attributes)
 .ARM.attributes
                0x0000000000000000       0x1e /Applications/STM32CubeIDE.app/Contents/Eclipse/plugins/com.st.stm32cube.ide.mcu.externaltools.gnu-tools-for-stm32.11.3.rel1.macos64_1.1.0.202305231506/tools/bin/../lib/gcc/arm-none-eabi/11.3.1/thumb/v7e-m+fp/hard/crti.o
 .ARM.attributes
                0x000000000000001e       0x34 /Applications/STM32CubeIDE.app/Contents/Eclipse/plugins/com.st.stm32cube.ide.mcu.externaltools.gnu-tools-for-stm32.11.3.rel1.macos64_1.1.0.202305231506/tools/bin/../lib/gcc/arm-none-eabi/11.3.1/thumb/v7e-m+fp/hard/crtbegin.o
 .ARM.attributes
                0x0000000000000052       0x34 ./Core/Src/imu.o
 .ARM.attributes
                0x0000000000000086       0x34 ./Core/Src/main.o
 .ARM.attributes
                0x00000000000000ba       0x34 ./Core/Src/motors.o
 .ARM.attributes
                0x00000000000000ee       0x34 ./Core/Src/oled.o
 .ARM.attributes
                0x0000000000000122       0x34 ./Core/Src/stm32f4xx_hal_msp.o
 .ARM.attributes
                0x0000000000000156       0x34 ./Core/Src/stm32f4xx_it.o
 .ARM.attributes
                0x000000000000018a       0x34 ./Core/Src/system_stm32f4xx.o
 .ARM.attributes
                0x00000000000001be       0x21 ./Core/Startup/startup_stm32f407vetx.o
 .ARM.attributes
                0x00000000000001df       0x34 ./Drivers/STM32F4xx_HAL_Driver/Src/stm32f4xx_hal.o
 .ARM.attributes
                0x0000000000000213       0x34 ./Drivers/STM32F4xx_HAL_Driver/Src/stm32f4xx_hal_cortex.o
 .ARM.attributes
                0x0000000000000247       0x34 ./Drivers/STM32F4xx_HAL_Driver/Src/stm32f4xx_hal_gpio.o
 .ARM.attributes
                0x000000000000027b       0x34 ./Drivers/STM32F4xx_HAL_Driver/Src/stm32f4xx_hal_i2c.o
 .ARM.attributes
                0x00000000000002af       0x34 ./Drivers/STM32F4xx_HAL_Driver/Src/stm32f4xx_hal_pwr.o
 .ARM.attributes
                0x00000000000002e3       0x34 ./Drivers/STM32F4xx_HAL_Driver/Src/stm32f4xx_hal_rcc.o
 .ARM.attributes
                0x0000000000000317       0x34 ./Drivers/STM32F4xx_HAL_Driver/Src/stm32f4xx_hal_tim.o
 .ARM.attributes
                0x000000000000034b       0x34 ./Drivers/STM32F4xx_HAL_Driver/Src/stm32f4xx_hal_tim_ex.o
 .ARM.attributes
                0x000000000000037f       0x34 /Applications/STM32CubeIDE.app/Contents/Eclipse/plugins/com.st.stm32cube.ide.mcu.externaltools.gnu-tools-for-stm32.11.3.rel1.macos64_1.1.0.202305231506/tools/bin/../lib/gcc/arm-none-eabi/11.3.1/../../../../arm-none-eabi/lib/thumb/v7e-m+fp/hard/libc_nano.a(libc_a-memset.o)
 .ARM.attributes
                0x00000000000003b3       0x34 /Applications/STM32CubeIDE.app/Contents/Eclipse/plugins/com.st.stm32cube.ide.mcu.externaltools.gnu-tools-for-stm32.11.3.rel1.macos64_1.1.0.202305231506/tools/bin/../lib/gcc/arm-none-eabi/11.3.1/../../../../arm-none-eabi/lib/thumb/v7e-m+fp/hard/libc_nano.a(libc_a-init.o)
 .ARM.attributes
                0x00000000000003e7       0x1e /Applications/STM32CubeIDE.app/Contents/Eclipse/plugins/com.st.stm32cube.ide.mcu.externaltools.gnu-tools-for-stm32.11.3.rel1.macos64_1.1.0.202305231506/tools/bin/../lib/gcc/arm-none-eabi/11.3.1/thumb/v7e-m+fp/hard/libgcc.a(_aeabi_uldivmod.o)
 .ARM.attributes
                0x0000000000000405       0x34 /Applications/STM32CubeIDE.app/Contents/Eclipse/plugins/com.st.stm32cube.ide.mcu.externaltools.gnu-tools-for-stm32.11.3.rel1.macos64_1.1.0.202305231506/tools/bin/../lib/gcc/arm-none-eabi/11.3.1/thumb/v7e-m+fp/hard/libgcc.a(_udivmoddi4.o)
 .ARM.attributes
                0x0000000000000439       0x1e /Applications/STM32CubeIDE.app/Contents/Eclipse/plugins/com.st.stm32cube.ide.mcu.externaltools.gnu-tools-for-stm32.11.3.rel1.macos64_1.1.0.202305231506/tools/bin/../lib/gcc/arm-none-eabi/11.3.1/thumb/v7e-m+fp/hard/libgcc.a(_dvmd_tls.o)
 .ARM.attributes
                0x0000000000000457       0x1e /Applications/STM32CubeIDE.app/Contents/Eclipse/plugins/com.st.stm32cube.ide.mcu.externaltools.gnu-tools-for-stm32.11.3.rel1.macos64_1.1.0.202305231506/tools/bin/../lib/gcc/arm-none-eabi/11.3.1/thumb/v7e-m+fp/hard/crtn.o
OUTPUT(STM32_1.elf elf32-littlearm)
LOAD linker stubs
LOAD /Applications/STM32CubeIDE.app/Contents/Eclipse/plugins/com.st.stm32cube.ide.mcu.externaltools.gnu-tools-for-stm32.11.3.rel1.macos64_1.1.0.202305231506/tools/bin/../lib/gcc/arm-none-eabi/11.3.1/../../../../arm-none-eabi/lib/thumb/v7e-m+fp/hard/libc.a
LOAD /Applications/STM32CubeIDE.app/Contents/Eclipse/plugins/com.st.stm32cube.ide.mcu.externaltools.gnu-tools-for-stm32.11.3.rel1.macos64_1.1.0.202305231506/tools/bin/../lib/gcc/arm-none-eabi/11.3.1/../../../../arm-none-eabi/lib/thumb/v7e-m+fp/hard/libm.a
LOAD /Applications/STM32CubeIDE.app/Contents/Eclipse/plugins/com.st.stm32cube.ide.mcu.externaltools.gnu-tools-for-stm32.11.3.rel1.macos64_1.1.0.202305231506/tools/bin/../lib/gcc/arm-none-eabi/11.3.1/thumb/v7e-m+fp/hard/libgcc.a

.comment        0x0000000000000000       0x43
 .comment       0x0000000000000000       0x43 /Applications/STM32CubeIDE.app/Contents/Eclipse/plugins/com.st.stm32cube.ide.mcu.externaltools.gnu-tools-for-stm32.11.3.rel1.macos64_1.1.0.202305231506/tools/bin/../lib/gcc/arm-none-eabi/11.3.1/thumb/v7e-m+fp/hard/crtbegin.o
                                         0x44 (size before relaxing)
 .comment       0x0000000000000043       0x44 ./Core/Src/imu.o
 .comment       0x0000000000000043       0x44 ./Core/Src/main.o
 .comment       0x0000000000000043       0x44 ./Core/Src/motors.o
 .comment       0x0000000000000043       0x44 ./Core/Src/oled.o
 .comment       0x0000000000000043       0x44 ./Core/Src/stm32f4xx_hal_msp.o
 .comment       0x0000000000000043       0x44 ./Core/Src/stm32f4xx_it.o
 .comment       0x0000000000000043       0x44 ./Core/Src/system_stm32f4xx.o
 .comment       0x0000000000000043       0x44 ./Drivers/STM32F4xx_HAL_Driver/Src/stm32f4xx_hal.o
 .comment       0x0000000000000043       0x44 ./Drivers/STM32F4xx_HAL_Driver/Src/stm32f4xx_hal_cortex.o
 .comment       0x0000000000000043       0x44 ./Drivers/STM32F4xx_HAL_Driver/Src/stm32f4xx_hal_gpio.o
 .comment       0x0000000000000043       0x44 ./Drivers/STM32F4xx_HAL_Driver/Src/stm32f4xx_hal_i2c.o
 .comment       0x0000000000000043       0x44 ./Drivers/STM32F4xx_HAL_Driver/Src/stm32f4xx_hal_pwr.o
 .comment       0x0000000000000043       0x44 ./Drivers/STM32F4xx_HAL_Driver/Src/stm32f4xx_hal_rcc.o
 .comment       0x0000000000000043       0x44 ./Drivers/STM32F4xx_HAL_Driver/Src/stm32f4xx_hal_tim.o
 .comment       0x0000000000000043       0x44 ./Drivers/STM32F4xx_HAL_Driver/Src/stm32f4xx_hal_tim_ex.o

.debug_info     0x0000000000000000     0xe179
 .debug_info    0x0000000000000000      0xd2a ./Core/Src/imu.o
 .debug_info    0x0000000000000d2a     0x167e ./Core/Src/main.o
 .debug_info    0x00000000000023a8      0xb59 ./Core/Src/motors.o
 .debug_info    0x0000000000002f01      0x690 ./Core/Src/oled.o
 .debug_info    0x0000000000003591     0x10e8 ./Core/Src/stm32f4xx_hal_msp.o
 .debug_info    0x0000000000004679      0x6f9 ./Core/Src/stm32f4xx_it.o
 .debug_info    0x0000000000004d72      0x512 ./Core/Src/system_stm32f4xx.o
 .debug_info    0x0000000000005284       0x23 ./Core/Startup/startup_stm32f407vetx.o
 .debug_info    0x00000000000052a7      0x948 ./Drivers/STM32F4xx_HAL_Driver/Src/stm32f4xx_hal.o
 .debug_info    0x0000000000005bef      0xd46 ./Drivers/STM32F4xx_HAL_Driver/Src/stm32f4xx_hal_cortex.o
 .debug_info    0x0000000000006935      0x6c3 ./Drivers/STM32F4xx_HAL_Driver/Src/stm32f4xx_hal_gpio.o
 .debug_info    0x0000000000006ff8     0x23e1 ./Drivers/STM32F4xx_HAL_Driver/Src/stm32f4xx_hal_i2c.o
 .debug_info    0x00000000000093d9      0x6f9 ./Drivers/STM32F4xx_HAL_Driver/Src/stm32f4xx_hal_pwr.o
 .debug_info    0x0000000000009ad2      0x8b1 ./Drivers/STM32F4xx_HAL_Driver/Src/stm32f4xx_hal_rcc.o
 .debug_info    0x000000000000a383     0x2948 ./Drivers/STM32F4xx_HAL_Driver/Src/stm32f4xx_hal_tim.o
 .debug_info    0x000000000000cccb     0x14ae ./Drivers/STM32F4xx_HAL_Driver/Src/stm32f4xx_hal_tim_ex.o

.debug_abbrev   0x0000000000000000     0x2199
 .debug_abbrev  0x0000000000000000      0x2e4 ./Core/Src/imu.o
 .debug_abbrev  0x00000000000002e4      0x2d8 ./Core/Src/main.o
 .debug_abbrev  0x00000000000005bc      0x22d ./Core/Src/motors.o
 .debug_abbrev  0x00000000000007e9      0x1df ./Core/Src/oled.o
 .debug_abbrev  0x00000000000009c8      0x217 ./Core/Src/stm32f4xx_hal_msp.o
 .debug_abbrev  0x0000000000000bdf      0x194 ./Core/Src/stm32f4xx_it.o
 .debug_abbrev  0x0000000000000d73      0x11a ./Core/Src/system_stm32f4xx.o
 .debug_abbrev  0x0000000000000e8d       0x12 ./Core/Startup/startup_stm32f407vetx.o
 .debug_abbrev  0x0000000000000e9f      0x213 ./Drivers/STM32F4xx_HAL_Driver/Src/stm32f4xx_hal.o
 .debug_abbrev  0x00000000000010b2      0x327 ./Drivers/STM32F4xx_HAL_Driver/Src/stm32f4xx_hal_cortex.o
 .debug_abbrev  0x00000000000013d9      0x1d4 ./Drivers/STM32F4xx_HAL_Driver/Src/stm32f4xx_hal_gpio.o
 .debug_abbrev  0x00000000000015ad      0x2ad ./Drivers/STM32F4xx_HAL_Driver/Src/stm32f4xx_hal_i2c.o
 .debug_abbrev  0x000000000000185a      0x19c ./Drivers/STM32F4xx_HAL_Driver/Src/stm32f4xx_hal_pwr.o
 .debug_abbrev  0x00000000000019f6      0x2b6 ./Drivers/STM32F4xx_HAL_Driver/Src/stm32f4xx_hal_rcc.o
 .debug_abbrev  0x0000000000001cac      0x271 ./Drivers/STM32F4xx_HAL_Driver/Src/stm32f4xx_hal_tim.o
 .debug_abbrev  0x0000000000001f1d      0x27c ./Drivers/STM32F4xx_HAL_Driver/Src/stm32f4xx_hal_tim_ex.o

.debug_aranges  0x0000000000000000      0xe70
 .debug_aranges
                0x0000000000000000       0xc8 ./Core/Src/imu.o
 .debug_aranges
                0x00000000000000c8       0x68 ./Core/Src/main.o
 .debug_aranges
                0x0000000000000130       0x58 ./Core/Src/motors.o
 .debug_aranges
                0x0000000000000188       0x70 ./Core/Src/oled.o
 .debug_aranges
                0x00000000000001f8       0x58 ./Core/Src/stm32f4xx_hal_msp.o
 .debug_aranges
                0x0000000000000250       0x70 ./Core/Src/stm32f4xx_it.o
 .debug_aranges
                0x00000000000002c0       0x28 ./Core/Src/system_stm32f4xx.o
 .debug_aranges
                0x00000000000002e8       0x28 ./Core/Startup/startup_stm32f407vetx.o
 .debug_aranges
                0x0000000000000310       0xf0 ./Drivers/STM32F4xx_HAL_Driver/Src/stm32f4xx_hal.o
 .debug_aranges
                0x0000000000000400      0x118 ./Drivers/STM32F4xx_HAL_Driver/Src/stm32f4xx_hal_cortex.o
 .debug_aranges
                0x0000000000000518       0x58 ./Drivers/STM32F4xx_HAL_Driver/Src/stm32f4xx_hal_gpio.o
 .debug_aranges
                0x0000000000000570      0x2a0 ./Drivers/STM32F4xx_HAL_Driver/Src/stm32f4xx_hal_i2c.o
 .debug_aranges
                0x0000000000000810       0xa0 ./Drivers/STM32F4xx_HAL_Driver/Src/stm32f4xx_hal_pwr.o
 .debug_aranges
                0x00000000000008b0       0x88 ./Drivers/STM32F4xx_HAL_Driver/Src/stm32f4xx_hal_rcc.o
 .debug_aranges
                0x0000000000000938      0x3d0 ./Drivers/STM32F4xx_HAL_Driver/Src/stm32f4xx_hal_tim.o
 .debug_aranges
                0x0000000000000d08      0x168 ./Drivers/STM32F4xx_HAL_Driver/Src/stm32f4xx_hal_tim_ex.o

.debug_rnglists
                0x0000000000000000      0xb47
 .debug_rnglists
                0x0000000000000000       0x94 ./Core/Src/imu.o
 .debug_rnglists
                0x0000000000000094       0x51 ./Core/Src/main.o
 .debug_rnglists
                0x00000000000000e5       0x42 ./Core/Src/motors.o
 .debug_rnglists
                0x0000000000000127       0x54 ./Core/Src/oled.o
 .debug_rnglists
                0x000000000000017b       0x40 ./Core/Src/stm32f4xx_hal_msp.o
 .debug_rnglists
                0x00000000000001bb       0x4f ./Core/Src/stm32f4xx_it.o
 .debug_rnglists
                0x000000000000020a       0x1a ./Core/Src/system_stm32f4xx.o
 .debug_rnglists
                0x0000000000000224       0x19 ./Core/Startup/startup_stm32f407vetx.o
 .debug_rnglists
                0x000000000000023d       0xaf ./Drivers/STM32F4xx_HAL_Driver/Src/stm32f4xx_hal.o
 .debug_rnglists
                0x00000000000002ec       0xce ./Drivers/STM32F4xx_HAL_Driver/Src/stm32f4xx_hal_cortex.o
 .debug_rnglists
                0x00000000000003ba       0x3f ./Drivers/STM32F4xx_HAL_Driver/Src/stm32f4xx_hal_gpio.o
 .debug_rnglists
                0x00000000000003f9      0x235 ./Drivers/STM32F4xx_HAL_Driver/Src/stm32f4xx_hal_i2c.o
 .debug_rnglists
                0x000000000000062e       0x74 ./Drivers/STM32F4xx_HAL_Driver/Src/stm32f4xx_hal_pwr.o
 .debug_rnglists
                0x00000000000006a2       0x66 ./Drivers/STM32F4xx_HAL_Driver/Src/stm32f4xx_hal_rcc.o
 .debug_rnglists
                0x0000000000000708      0x31a ./Drivers/STM32F4xx_HAL_Driver/Src/stm32f4xx_hal_tim.o
 .debug_rnglists
                0x0000000000000a22      0x125 ./Drivers/STM32F4xx_HAL_Driver/Src/stm32f4xx_hal_tim_ex.o

.debug_macro    0x0000000000000000    0x21831
 .debug_macro   0x0000000000000000      0x1f6 ./Core/Src/imu.o
 .debug_macro   0x00000000000001f6      0xaa8 ./Core/Src/imu.o
 .debug_macro   0x0000000000000c9e      0x29b ./Core/Src/imu.o
 .debug_macro   0x0000000000000f39       0x2e ./Core/Src/imu.o
 .debug_macro   0x0000000000000f67       0x2f ./Core/Src/imu.o
 .debug_macro   0x0000000000000f96       0x22 ./Core/Src/imu.o
 .debug_macro   0x0000000000000fb8       0x8e ./Core/Src/imu.o
 .debug_macro   0x0000000000001046       0x51 ./Core/Src/imu.o
 .debug_macro   0x0000000000001097      0x103 ./Core/Src/imu.o
 .debug_macro   0x000000000000119a       0x6a ./Core/Src/imu.o
 .debug_macro   0x0000000000001204      0x1df ./Core/Src/imu.o
 .debug_macro   0x00000000000013e3       0x1c ./Core/Src/imu.o
 .debug_macro   0x00000000000013ff       0x22 ./Core/Src/imu.o
 .debug_macro   0x0000000000001421       0xd9 ./Core/Src/imu.o
 .debug_macro   0x00000000000014fa     0x102d ./Core/Src/imu.o
 .debug_macro   0x0000000000002527      0x11f ./Core/Src/imu.o
 .debug_macro   0x0000000000002646    0x15e82 ./Core/Src/imu.o
 .debug_macro   0x00000000000184c8       0x6d ./Core/Src/imu.o
 .debug_macro   0x0000000000018535     0x367e ./Core/Src/imu.o
 .debug_macro   0x000000000001bbb3      0x174 ./Core/Src/imu.o
 .debug_macro   0x000000000001bd27       0x5c ./Core/Src/imu.o
 .debug_macro   0x000000000001bd83      0x96b ./Core/Src/imu.o
 .debug_macro   0x000000000001c6ee      0x9fe ./Core/Src/imu.o
 .debug_macro   0x000000000001d0ec      0x115 ./Core/Src/imu.o
 .debug_macro   0x000000000001d201      0x13e ./Core/Src/imu.o
 .debug_macro   0x000000000001d33f       0xa5 ./Core/Src/imu.o
 .debug_macro   0x000000000001d3e4      0x174 ./Core/Src/imu.o
 .debug_macro   0x000000000001d558      0x287 ./Core/Src/imu.o
 .debug_macro   0x000000000001d7df       0x5f ./Core/Src/imu.o
 .debug_macro   0x000000000001d83e      0x236 ./Core/Src/imu.o
 .debug_macro   0x000000000001da74      0x12c ./Core/Src/imu.o
 .debug_macro   0x000000000001dba0      0x21e ./Core/Src/imu.o
 .debug_macro   0x000000000001ddbe       0x2e ./Core/Src/imu.o
 .debug_macro   0x000000000001ddec      0x1b5 ./Core/Src/imu.o
 .debug_macro   0x000000000001dfa1       0xd6 ./Core/Src/imu.o
 .debug_macro   0x000000000001e077      0x11a ./Core/Src/imu.o
 .debug_macro   0x000000000001e191       0x7e ./Core/Src/imu.o
 .debug_macro   0x000000000001e20f       0x89 ./Core/Src/imu.o
 .debug_macro   0x000000000001e298      0x8e6 ./Core/Src/imu.o
 .debug_macro   0x000000000001eb7e       0x47 ./Core/Src/imu.o
 .debug_macro   0x000000000001ebc5      0x12d ./Core/Src/imu.o
 .debug_macro   0x000000000001ecf2       0xdc ./Core/Src/imu.o
 .debug_macro   0x000000000001edce       0x76 ./Core/Src/imu.o
 .debug_macro   0x000000000001ee44      0x212 ./Core/Src/main.o
 .debug_macro   0x000000000001f056       0x64 ./Core/Src/main.o
 .debug_macro   0x000000000001f0ba       0xa6 ./Core/Src/main.o
 .debug_macro   0x000000000001f160       0xe2 ./Core/Src/main.o
 .debug_macro   0x000000000001f242      0x2cc ./Core/Src/motors.o
 .debug_macro   0x000000000001f50e       0xa0 ./Core/Src/motors.o
 .debug_macro   0x000000000001f5ae       0x61 ./Core/Src/motors.o
 .debug_macro   0x000000000001f60f       0x2a ./Core/Src/motors.o
 .debug_macro   0x000000000001f639       0x43 ./Core/Src/motors.o
 .debug_macro   0x000000000001f67c       0x34 ./Core/Src/motors.o
 .debug_macro   0x000000000001f6b0       0x16 ./Core/Src/motors.o
 .debug_macro   0x000000000001f6c6       0x43 ./Core/Src/motors.o
 .debug_macro   0x000000000001f709       0x34 ./Core/Src/motors.o
 .debug_macro   0x000000000001f73d       0x10 ./Core/Src/motors.o
 .debug_macro   0x000000000001f74d       0x58 ./Core/Src/motors.o
 .debug_macro   0x000000000001f7a5       0x8e ./Core/Src/motors.o
 .debug_macro   0x000000000001f833       0x1c ./Core/Src/motors.o
 .debug_macro   0x000000000001f84f      0x177 ./Core/Src/motors.o
 .debug_macro   0x000000000001f9c6      0x369 ./Core/Src/motors.o
 .debug_macro   0x000000000001fd2f      0x19b ./Core/Src/motors.o
 .debug_macro   0x000000000001feca       0x16 ./Core/Src/motors.o
 .debug_macro   0x000000000001fee0       0x35 ./Core/Src/motors.o
 .debug_macro   0x000000000001ff15       0x16 ./Core/Src/motors.o
 .debug_macro   0x000000000001ff2b       0x29 ./Core/Src/motors.o
 .debug_macro   0x000000000001ff54      0x2d1 ./Core/Src/oled.o
 .debug_macro   0x0000000000020225       0x70 ./Core/Src/oled.o
 .debug_macro   0x0000000000020295      0x1ed ./Core/Src/stm32f4xx_hal_msp.o
 .debug_macro   0x0000000000020482      0x1f7 ./Core/Src/stm32f4xx_it.o
 .debug_macro   0x0000000000020679      0x1de ./Core/Src/system_stm32f4xx.o
 .debug_macro   0x0000000000020857      0x23e ./Drivers/STM32F4xx_HAL_Driver/Src/stm32f4xx_hal.o
 .debug_macro   0x0000000000020a95      0x1de ./Drivers/STM32F4xx_HAL_Driver/Src/stm32f4xx_hal_cortex.o
 .debug_macro   0x0000000000020c73      0x1e4 ./Drivers/STM32F4xx_HAL_Driver/Src/stm32f4xx_hal_gpio.o
 .debug_macro   0x0000000000020e57      0x225 ./Drivers/STM32F4xx_HAL_Driver/Src/stm32f4xx_hal_i2c.o
 .debug_macro   0x000000000002107c      0x1f6 ./Drivers/STM32F4xx_HAL_Driver/Src/stm32f4xx_hal_pwr.o
 .debug_macro   0x0000000000021272      0x202 ./Drivers/STM32F4xx_HAL_Driver/Src/stm32f4xx_hal_rcc.o
 .debug_macro   0x0000000000021474      0x1df ./Drivers/STM32F4xx_HAL_Driver/Src/stm32f4xx_hal_tim.o
 .debug_macro   0x0000000000021653      0x1de ./Drivers/STM32F4xx_HAL_Driver/Src/stm32f4xx_hal_tim_ex.o

.debug_line     0x0000000000000000    0x106be
 .debug_line    0x0000000000000000      0xc06 ./Core/Src/imu.o
 .debug_line    0x0000000000000c06      0xa6d ./Core/Src/main.o
 .debug_line    0x0000000000001673      0xa86 ./Core/Src/motors.o
 .debug_line    0x00000000000020f9      0xb47 ./Core/Src/oled.o
 .debug_line    0x0000000000002c40      0x876 ./Core/Src/stm32f4xx_hal_msp.o
 .debug_line    0x00000000000034b6      0x7e7 ./Core/Src/stm32f4xx_it.o
 .debug_line    0x0000000000003c9d      0x776 ./Core/Src/system_stm32f4xx.o
 .debug_line    0x0000000000004413       0x7a ./Core/Startup/startup_stm32f407vetx.o
 .debug_line    0x000000000000448d      0x9dc ./Drivers/STM32F4xx_HAL_Driver/Src/stm32f4xx_hal.o
 .debug_line    0x0000000000004e69      0xc8b ./Drivers/STM32F4xx_HAL_Driver/Src/stm32f4xx_hal_cortex.o
 .debug_line    0x0000000000005af4      0xb50 ./Drivers/STM32F4xx_HAL_Driver/Src/stm32f4xx_hal_gpio.o
 .debug_line    0x0000000000006644     0x399e ./Drivers/STM32F4xx_HAL_Driver/Src/stm32f4xx_hal_i2c.o
 .debug_line    0x0000000000009fe2      0x8e8 ./Drivers/STM32F4xx_HAL_Driver/Src/stm32f4xx_hal_pwr.o
 .debug_line    0x000000000000a8ca      0xd53 ./Drivers/STM32F4xx_HAL_Driver/Src/stm32f4xx_hal_rcc.o
 .debug_line    0x000000000000b61d     0x36c8 ./Drivers/STM32F4xx_HAL_Driver/Src/stm32f4xx_hal_tim.o
 .debug_line    0x000000000000ece5     0x19d9 ./Drivers/STM32F4xx_HAL_Driver/Src/stm32f4xx_hal_tim_ex.o

.debug_str      0x0000000000000000    0xcbafd
 .debug_str     0x0000000000000000    0xc3e4b ./Core/Src/imu.o
                                      0xc4159 (size before relaxing)
 .debug_str     0x00000000000c3e4b      0xf10 ./Core/Src/main.o
                                      0xc4e17 (size before relaxing)
 .debug_str     0x00000000000c4d5b     0x3aeb ./Core/Src/motors.o
                                      0xc785c (size before relaxing)
 .debug_str     0x00000000000c8846      0x149 ./Core/Src/oled.o
                                      0xc6a25 (size before relaxing)
 .debug_str     0x00000000000c898f      0x5ef ./Core/Src/stm32f4xx_hal_msp.o
                                      0xc4336 (size before relaxing)
 .debug_str     0x00000000000c8f7e       0xfc ./Core/Src/stm32f4xx_it.o
                                      0xc39fb (size before relaxing)
 .debug_str     0x00000000000c907a       0xdb ./Core/Src/system_stm32f4xx.o
                                      0xc345d (size before relaxing)
 .debug_str     0x00000000000c9155       0x34 ./Core/Startup/startup_stm32f407vetx.o
                                         0x6b (size before relaxing)
 .debug_str     0x00000000000c9189      0x601 ./Drivers/STM32F4xx_HAL_Driver/Src/stm32f4xx_hal.o
                                      0xc3fe1 (size before relaxing)
 .debug_str     0x00000000000c978a      0x31c ./Drivers/STM32F4xx_HAL_Driver/Src/stm32f4xx_hal_cortex.o
                                      0xc3d14 (size before relaxing)
 .debug_str     0x00000000000c9aa6      0x11c ./Drivers/STM32F4xx_HAL_Driver/Src/stm32f4xx_hal_gpio.o
                                      0xc35d8 (size before relaxing)
 .debug_str     0x00000000000c9bc2      0xad5 ./Drivers/STM32F4xx_HAL_Driver/Src/stm32f4xx_hal_i2c.o
                                      0xc4428 (size before relaxing)
 .debug_str     0x00000000000ca697      0x235 ./Drivers/STM32F4xx_HAL_Driver/Src/stm32f4xx_hal_pwr.o
                                      0xc3693 (size before relaxing)
 .debug_str     0x00000000000ca8cc      0x213 ./Drivers/STM32F4xx_HAL_Driver/Src/stm32f4xx_hal_rcc.o
                                      0xc3891 (size before relaxing)
 .debug_str     0x00000000000caadf      0xc3d ./Drivers/STM32F4xx_HAL_Driver/Src/stm32f4xx_hal_tim.o
                                      0xc47d7 (size before relaxing)
 .debug_str     0x00000000000cb71c      0x3e1 ./Drivers/STM32F4xx_HAL_Driver/Src/stm32f4xx_hal_tim_ex.o
                                      0xc3ff3 (size before relaxing)

.debug_frame    0x0000000000000000     0x3cf0
 .debug_frame   0x0000000000000000      0x344 ./Core/Src/imu.o
 .debug_frame   0x0000000000000344      0x164 ./Core/Src/main.o
 .debug_frame   0x00000000000004a8      0x138 ./Core/Src/motors.o
 .debug_frame   0x00000000000005e0      0x194 ./Core/Src/oled.o
 .debug_frame   0x0000000000000774      0x134 ./Core/Src/stm32f4xx_hal_msp.o
 .debug_frame   0x00000000000008a8      0x13c ./Core/Src/stm32f4xx_it.o
 .debug_frame   0x00000000000009e4       0x58 ./Core/Src/system_stm32f4xx.o
 .debug_frame   0x0000000000000a3c      0x374 ./Drivers/STM32F4xx_HAL_Driver/Src/stm32f4xx_hal.o
 .debug_frame   0x0000000000000db0      0x498 ./Drivers/STM32F4xx_HAL_Driver/Src/stm32f4xx_hal_cortex.o
 .debug_frame   0x0000000000001248      0x14c ./Drivers/STM32F4xx_HAL_Driver/Src/stm32f4xx_hal_gpio.o
 .debug_frame   0x0000000000001394      0xc5c ./Drivers/STM32F4xx_HAL_Driver/Src/stm32f4xx_hal_i2c.o
 .debug_frame   0x0000000000001ff0      0x264 ./Drivers/STM32F4xx_HAL_Driver/Src/stm32f4xx_hal_pwr.o
 .debug_frame   0x0000000000002254      0x1f4 ./Drivers/STM32F4xx_HAL_Driver/Src/stm32f4xx_hal_rcc.o
 .debug_frame   0x0000000000002448     0x11c4 ./Drivers/STM32F4xx_HAL_Driver/Src/stm32f4xx_hal_tim.o
 .debug_frame   0x000000000000360c      0x638 ./Drivers/STM32F4xx_HAL_Driver/Src/stm32f4xx_hal_tim_ex.o
 .debug_frame   0x0000000000003c44       0x20 /Applications/STM32CubeIDE.app/Contents/Eclipse/plugins/com.st.stm32cube.ide.mcu.externaltools.gnu-tools-for-stm32.11.3.rel1.macos64_1.1.0.202305231506/tools/bin/../lib/gcc/arm-none-eabi/11.3.1/../../../../arm-none-eabi/lib/thumb/v7e-m+fp/hard/libc_nano.a(libc_a-memset.o)
 .debug_frame   0x0000000000003c64       0x2c /Applications/STM32CubeIDE.app/Contents/Eclipse/plugins/com.st.stm32cube.ide.mcu.externaltools.gnu-tools-for-stm32.11.3.rel1.macos64_1.1.0.202305231506/tools/bin/../lib/gcc/arm-none-eabi/11.3.1/../../../../arm-none-eabi/lib/thumb/v7e-m+fp/hard/libc_nano.a(libc_a-init.o)
 .debug_frame   0x0000000000003c90       0x2c /Applications/STM32CubeIDE.app/Contents/Eclipse/plugins/com.st.stm32cube.ide.mcu.externaltools.gnu-tools-for-stm32.11.3.rel1.macos64_1.1.0.202305231506/tools/bin/../lib/gcc/arm-none-eabi/11.3.1/thumb/v7e-m+fp/hard/libgcc.a(_aeabi_uldivmod.o)
 .debug_frame   0x0000000000003cbc       0x34 /Applications/STM32CubeIDE.app/Contents/Eclipse/plugins/com.st.stm32cube.ide.mcu.externaltools.gnu-tools-for-stm32.11.3.rel1.macos64_1.1.0.202305231506/tools/bin/../lib/gcc/arm-none-eabi/11.3.1/thumb/v7e-m+fp/hard/libgcc.a(_udivmoddi4.o)

.debug_line_str
                0x0000000000000000       0x5f
 .debug_line_str
                0x0000000000000000       0x5f ./Core/Startup/startup_stm32f407vetx.o
                                         0x77 (size before relaxing)
